// Jest Snapshot v1, https://goo.gl/fbAQLP

exports[`Should render the CollectionsOverview component 1`] = `<styled.div />`;
