// Jest Snapshot v1, https://goo.gl/fbAQLP

exports[`Should render the Directory component 1`] = `<styled.div />`;
