// Jest Snapshot v1, https://goo.gl/fbAQLP

exports[`Should render the CollectionPage component 1`] = `null`;
