// Jest Snapshot v1, https://goo.gl/fbAQLP

exports[`Should render CustomButtom component 1`] = `<styled.button />`;
