// Jest Snapshot v1, https://goo.gl/fbAQLP

exports[`CartDropdown component should render CartDropdown component 1`] = `
<styled.div>
  <styled.div>
    <Memo(CartItem)
      item={
        Object {
          "id": 1,
        }
      }
      key="1"
    />
    <Memo(CartItem)
      item={
        Object {
          "id": 2,
        }
      }
      key="2"
    />
    <Memo(CartItem)
      item={
        Object {
          "id": 3,
        }
      }
      key="3"
    />
  </styled.div>
  <Styled(CustomButton)
    onClick={[Function]}
  >
    Go To Checkout
  </Styled(CustomButton)>
</styled.div>
`;
