// Jest Snapshot v1, https://goo.gl/fbAQLP

exports[`Should render CartItem component 1`] = `
<styled.div>
  <styled.img
    alt="item"
    src="www.images.com"
  />
  <styled.div>
    <styled.span>
      sneakers
    </styled.span>
    <span
      className="price"
    >
      3
       x 
      1873
    </span>
  </styled.div>
</styled.div>
`;
